// Jest Snapshot v1, https://goo.gl/fbAQLP

exports[`Render header component correctly Should render the header correctly 1`] = `
<div>
  <header>
    <div
      class="logo"
    >
      <img
        alt="Logo"
        src="planet.png"
      />
      <span
        class="navbar"
      >
        Space Travelers' Hub
      </span>
    </div>
    <nav>
      <ul>
        <li>
          <a
            aria-current="page"
            class="active"
            href="/"
            style="text-decoration: underline;"
          >
            Rockets
          </a>
        </li>
        <li>
          <a
            class=""
            href="/missions"
            style="text-decoration: none;"
          >
            Missions
          </a>
        </li>
        <li>
          <a
            class=""
            href="/profile"
            style="text-decoration: none;"
          >
            My Profile
          </a>
        </li>
      </ul>
    </nav>
  </header>
</div>
`;
